c:\users\windows\desktop\graphics project\build\starwave3d.dir\release\playership.obj
c:\users\windows\desktop\graphics project\build\starwave3d.dir\release\game.obj
c:\users\windows\desktop\graphics project\build\starwave3d.dir\release\main.obj
c:\users\windows\desktop\graphics project\build\starwave3d.dir\release\glad.obj
c:\users\windows\desktop\graphics project\build\starwave3d.dir\release\texture.obj
c:\users\windows\desktop\graphics project\build\starwave3d.dir\release\cameracontroller.obj
c:\users\windows\desktop\graphics project\build\starwave3d.dir\release\level2solardebrispath.obj
c:\users\windows\desktop\graphics project\build\starwave3d.dir\release\level1outerdriftzone.obj
c:\users\windows\desktop\graphics project\build\starwave3d.dir\release\levelmanager.obj
c:\users\windows\desktop\graphics project\build\starwave3d.dir\release\asteroid.obj
c:\users\windows\desktop\graphics project\build\starwave3d.dir\release\bullet.obj
c:\users\windows\desktop\graphics project\build\starwave3d.dir\release\smallasteroid.obj
c:\users\windows\desktop\graphics project\build\starwave3d.dir\release\waveportal.obj
c:\users\windows\desktop\graphics project\build\starwave3d.dir\release\collectible.obj
c:\users\windows\desktop\graphics project\build\starwave3d.dir\release\asteroidfragment.obj
c:\users\windows\desktop\graphics project\build\starwave3d.dir\release\simpletextrenderer.obj
c:\users\windows\desktop\graphics project\build\cmakefiles\generate.stamp
c:\users\windows\desktop\graphics project\build\release\starwave3d.exe
c:\users\windows\desktop\graphics project\build\starwave3d.dir\release\starwave3d.tlog\cl.command.1.tlog
c:\users\windows\desktop\graphics project\build\starwave3d.dir\release\starwave3d.tlog\cl.items.tlog
c:\users\windows\desktop\graphics project\build\starwave3d.dir\release\starwave3d.tlog\cl.read.1.tlog
c:\users\windows\desktop\graphics project\build\starwave3d.dir\release\starwave3d.tlog\cl.write.1.tlog
c:\users\windows\desktop\graphics project\build\starwave3d.dir\release\starwave3d.tlog\custombuild.command.1.tlog
c:\users\windows\desktop\graphics project\build\starwave3d.dir\release\starwave3d.tlog\custombuild.read.1.tlog
c:\users\windows\desktop\graphics project\build\starwave3d.dir\release\starwave3d.tlog\custombuild.write.1.tlog
c:\users\windows\desktop\graphics project\build\starwave3d.dir\release\starwave3d.tlog\link.command.1.tlog
c:\users\windows\desktop\graphics project\build\starwave3d.dir\release\starwave3d.tlog\link.read.1.tlog
c:\users\windows\desktop\graphics project\build\starwave3d.dir\release\starwave3d.tlog\link.secondary.1.tlog
c:\users\windows\desktop\graphics project\build\starwave3d.dir\release\starwave3d.tlog\link.write.1.tlog
